// Jest Snapshot v1, https://goo.gl/fbAQLP

exports[`Button renders correctly 1`] = `
"<Fragment>
  <button className=\\"button button--notice-default button--size-default override-class\\" onClick={[Function: mockConstructor] { _isMockFunction: true, getMockImplementation: [Function (anonymous)], mock: Object [Object: null prototype] { calls: [], instances: [], invocationCallOrder: [], results: [] }, mockClear: [Function (anonymous)], mockReset: [Function (anonymous)], mockRestore: [Function (anonymous)], mockReturnValueOnce: [Function (anonymous)], mockResolvedValueOnce: [Function (anonymous)], mockRejectedValueOnce: [Function (anonymous)], mockReturnValue: [Function (anonymous)], mockResolvedValue: [Function (anonymous)], mockRejectedValue: [Function (anonymous)], mockImplementationOnce: [Function (anonymous)], mockImplementation: [Function (anonymous)], mockReturnThis: [Function (anonymous)], mockName: [Function (anonymous)], getMockName: [Function (anonymous)] }} disabled={false} arial-label=\\"trigger button\\">
    <Icon icon=\\"check-square\\" size=\\"2x\\" />
    <Typography className=\\"button--override-typography\\" font=\\"bold\\" size=\\"default\\" variant=\\"p\\">
      Button
    </Typography>
  </button>
</Fragment>"
`;
