// Jest Snapshot v1, https://goo.gl/fbAQLP

exports[`Button renders correctly 1`] = `
"<button className=\\"button button-default button-default--variant-default\\" onClick={[Function: mockConstructor] { _isMockFunction: true, getMockImplementation: [Function (anonymous)], mock: Object [Object: null prototype] { calls: [], instances: [], invocationCallOrder: [], results: [] }, mockClear: [Function (anonymous)], mockReset: [Function (anonymous)], mockRestore: [Function (anonymous)], mockReturnValueOnce: [Function (anonymous)], mockResolvedValueOnce: [Function (anonymous)], mockRejectedValueOnce: [Function (anonymous)], mockReturnValue: [Function (anonymous)], mockResolvedValue: [Function (anonymous)], mockRejectedValue: [Function (anonymous)], mockImplementationOnce: [Function (anonymous)], mockImplementation: [Function (anonymous)], mockReturnThis: [Function (anonymous)], mockName: [Function (anonymous)], getMockName: [Function (anonymous)] }} disabled={false}>
  <FontAwesomeIcon icon={{...}} size=\\"lg\\" border={false} className=\\"\\" mask={{...}} maskId={{...}} fixedWidth={false} inverse={false} flip={{...}} listItem={false} pull={{...}} pulse={false} rotation={{...}} spin={false} beat={false} fade={false} beatFade={false} bounce={false} shake={false} symbol={false} title=\\"\\" titleId={{...}} transform={{...}} swapOpacity={false} />
  <Typography font=\\"bold\\" size={[undefined]} variant=\\"p\\">
    Button
  </Typography>
</button>"
`;
