// Jest Snapshot v1, https://goo.gl/fbAQLP

exports[`ProgressBar renders correctly 1`] = `
"<div className=\\"progressBar progressBar--size-small\\">
  <div className=\\"progressBar--content progressBar--notice-primary\\" style={{...}} aria-valuenow={50} aria-valuemin={0} aria-valuemax={100} />
</div>"
`;
